Run dir: /root/autodl-tmp/hwnas/results/backbone_nksid_av7k325_gpu_formal_structured_20260329_011516
Using device: cuda
Dataset: nksid
Image size: 224
Input channels: 1
Board: ALINX AV7K325 (XC7K325T-2FFG900I) @ 200MHz
[NKSID] 加载完成: 2097 张图片, 8 个类别
  折数: 0, 划分: train
[NKSID] 加载完成: 520 张图片, 8 个类别
  折数: 0, 划分: val
Backbone candidates: ['simplecnn', 'mobilenet_v2_pretrained', 'mobilenet_v2_scratch', 'fbnet_like', 'shufflenet_v2', 'efficientnet_b0']

=== Backbone: SimpleCNN (simplecnn) ===
Complexity: params=106,056, macs=122,913,408, cpu_latency=36.84ms, fpga_latency=7.27ms
Hardware: DSP=256, BRAM=19, LUT=5096, power=6.93W, feasible=True
Epoch 1/240: train_loss=1.9899, train_acc=0.4540, val_loss=1.9234, val_top1=0.3538, val_macro_f1=0.1714, lr=0.000200
Epoch 2/240: train_loss=1.6937, train_acc=0.5637, val_loss=1.3782, val_top1=0.5808, val_macro_f1=0.4923, lr=0.000360
Epoch 3/240: train_loss=1.4224, train_acc=0.5341, val_loss=1.0987, val_top1=0.6577, val_macro_f1=0.4883, lr=0.000520
Epoch 4/240: train_loss=1.2486, train_acc=0.5980, val_loss=1.0759, val_top1=0.6154, val_macro_f1=0.4566, lr=0.000680
Epoch 5/240: train_loss=1.1793, train_acc=0.6147, val_loss=0.8934, val_top1=0.6788, val_macro_f1=0.5104, lr=0.000840
Epoch 6/240: train_loss=1.0564, train_acc=0.6562, val_loss=1.0801, val_top1=0.6096, val_macro_f1=0.5007, lr=0.001000
Epoch 7/240: train_loss=0.9064, train_acc=0.6867, val_loss=0.7150, val_top1=0.7212, val_macro_f1=0.5804, lr=0.001000
Epoch 8/240: train_loss=0.9319, train_acc=0.6915, val_loss=1.2418, val_top1=0.5962, val_macro_f1=0.4750, lr=0.001000
Epoch 9/240: train_loss=0.8725, train_acc=0.7139, val_loss=0.7248, val_top1=0.7250, val_macro_f1=0.5644, lr=0.001000
Epoch 10/240: train_loss=0.8567, train_acc=0.7058, val_loss=0.7620, val_top1=0.7038, val_macro_f1=0.5986, lr=0.000999
Epoch 11/240: train_loss=0.8473, train_acc=0.7158, val_loss=0.7851, val_top1=0.7288, val_macro_f1=0.5691, lr=0.000999
Epoch 12/240: train_loss=0.8037, train_acc=0.7349, val_loss=0.7735, val_top1=0.7212, val_macro_f1=0.5598, lr=0.000998
Epoch 13/240: train_loss=0.7998, train_acc=0.7406, val_loss=0.6570, val_top1=0.8038, val_macro_f1=0.6112, lr=0.000998
Epoch 14/240: train_loss=0.7460, train_acc=0.7420, val_loss=0.4778, val_top1=0.8846, val_macro_f1=0.7324, lr=0.000997
Epoch 15/240: train_loss=0.7364, train_acc=0.7530, val_loss=0.5490, val_top1=0.8327, val_macro_f1=0.6412, lr=0.000996
Epoch 16/240: train_loss=0.7522, train_acc=0.7458, val_loss=0.4864, val_top1=0.8269, val_macro_f1=0.6912, lr=0.000996
Epoch 17/240: train_loss=0.7382, train_acc=0.7563, val_loss=0.7029, val_top1=0.7654, val_macro_f1=0.6534, lr=0.000995
Epoch 18/240: train_loss=0.7203, train_acc=0.7806, val_loss=0.4460, val_top1=0.8481, val_macro_f1=0.6997, lr=0.000994
Epoch 19/240: train_loss=0.6897, train_acc=0.7864, val_loss=0.4092, val_top1=0.8712, val_macro_f1=0.7423, lr=0.000993
Epoch 20/240: train_loss=0.6968, train_acc=0.7558, val_loss=0.4147, val_top1=0.8788, val_macro_f1=0.7528, lr=0.000991
Epoch 21/240: train_loss=0.7045, train_acc=0.7620, val_loss=0.6146, val_top1=0.7808, val_macro_f1=0.5941, lr=0.000990
Epoch 22/240: train_loss=0.6639, train_acc=0.7630, val_loss=0.3969, val_top1=0.8981, val_macro_f1=0.7796, lr=0.000989
Epoch 23/240: train_loss=0.6377, train_acc=0.7821, val_loss=0.5685, val_top1=0.7846, val_macro_f1=0.6475, lr=0.000987
Epoch 24/240: train_loss=0.6793, train_acc=0.7849, val_loss=0.5261, val_top1=0.8308, val_macro_f1=0.6951, lr=0.000986
Epoch 25/240: train_loss=0.6094, train_acc=0.8002, val_loss=0.4028, val_top1=0.8942, val_macro_f1=0.7655, lr=0.000984
Epoch 26/240: train_loss=0.6221, train_acc=0.7969, val_loss=0.4693, val_top1=0.8115, val_macro_f1=0.7026, lr=0.000982
Epoch 27/240: train_loss=0.6685, train_acc=0.7711, val_loss=0.5369, val_top1=0.8173, val_macro_f1=0.6870, lr=0.000981
Epoch 28/240: train_loss=0.6519, train_acc=0.7792, val_loss=0.7774, val_top1=0.7808, val_macro_f1=0.6470, lr=0.000979
Epoch 29/240: train_loss=0.6373, train_acc=0.7730, val_loss=0.4093, val_top1=0.8769, val_macro_f1=0.7314, lr=0.000977
Epoch 30/240: train_loss=0.7086, train_acc=0.7792, val_loss=0.6219, val_top1=0.7885, val_macro_f1=0.6431, lr=0.000975
Epoch 31/240: train_loss=0.6166, train_acc=0.7954, val_loss=0.3946, val_top1=0.8808, val_macro_f1=0.7380, lr=0.000973
Epoch 32/240: train_loss=0.6311, train_acc=0.8102, val_loss=0.4661, val_top1=0.7962, val_macro_f1=0.6892, lr=0.000970
Epoch 33/240: train_loss=0.5726, train_acc=0.8088, val_loss=0.4239, val_top1=0.8635, val_macro_f1=0.7547, lr=0.000968
Epoch 34/240: train_loss=0.5854, train_acc=0.8193, val_loss=0.3890, val_top1=0.8788, val_macro_f1=0.7721, lr=0.000966
Epoch 35/240: train_loss=0.5778, train_acc=0.8121, val_loss=0.4799, val_top1=0.8385, val_macro_f1=0.7487, lr=0.000963
Epoch 36/240: train_loss=0.5804, train_acc=0.8002, val_loss=0.3369, val_top1=0.9154, val_macro_f1=0.8133, lr=0.000961
Epoch 37/240: train_loss=0.5810, train_acc=0.8312, val_loss=0.4671, val_top1=0.8308, val_macro_f1=0.6856, lr=0.000958
Epoch 38/240: train_loss=0.5823, train_acc=0.8054, val_loss=0.3591, val_top1=0.8673, val_macro_f1=0.7447, lr=0.000955
Epoch 39/240: train_loss=0.5797, train_acc=0.8040, val_loss=0.4607, val_top1=0.8442, val_macro_f1=0.7254, lr=0.000953
Epoch 40/240: train_loss=0.5781, train_acc=0.8178, val_loss=0.4021, val_top1=0.8788, val_macro_f1=0.7050, lr=0.000950
Epoch 41/240: train_loss=0.5514, train_acc=0.8264, val_loss=0.3218, val_top1=0.8846, val_macro_f1=0.7819, lr=0.000947
Epoch 42/240: train_loss=0.5410, train_acc=0.8250, val_loss=0.3558, val_top1=0.8635, val_macro_f1=0.7328, lr=0.000944
Epoch 43/240: train_loss=0.5489, train_acc=0.8317, val_loss=0.3975, val_top1=0.8635, val_macro_f1=0.7645, lr=0.000941
Epoch 44/240: train_loss=0.5315, train_acc=0.8240, val_loss=0.4019, val_top1=0.8654, val_macro_f1=0.7473, lr=0.000937
Epoch 45/240: train_loss=0.5372, train_acc=0.8274, val_loss=0.3729, val_top1=0.8788, val_macro_f1=0.7472, lr=0.000934
Epoch 46/240: train_loss=0.5662, train_acc=0.8221, val_loss=0.6571, val_top1=0.7904, val_macro_f1=0.6827, lr=0.000931
Epoch 47/240: train_loss=0.5656, train_acc=0.8255, val_loss=0.3808, val_top1=0.8462, val_macro_f1=0.7157, lr=0.000927
Epoch 48/240: train_loss=0.5110, train_acc=0.8207, val_loss=0.3835, val_top1=0.8692, val_macro_f1=0.7576, lr=0.000924
Epoch 49/240: train_loss=0.5086, train_acc=0.8450, val_loss=0.3961, val_top1=0.8635, val_macro_f1=0.7299, lr=0.000920
Epoch 50/240: train_loss=0.4907, train_acc=0.8307, val_loss=0.3915, val_top1=0.8865, val_macro_f1=0.7898, lr=0.000917
Epoch 51/240: train_loss=0.4820, train_acc=0.8426, val_loss=0.3513, val_top1=0.8808, val_macro_f1=0.7918, lr=0.000913
Epoch 52/240: train_loss=0.5135, train_acc=0.8417, val_loss=0.4089, val_top1=0.8577, val_macro_f1=0.7293, lr=0.000909
Epoch 53/240: train_loss=0.5076, train_acc=0.8364, val_loss=0.4190, val_top1=0.8462, val_macro_f1=0.7713, lr=0.000905
Epoch 54/240: train_loss=0.5183, train_acc=0.8274, val_loss=0.5354, val_top1=0.8269, val_macro_f1=0.6968, lr=0.000902
Epoch 55/240: train_loss=0.5238, train_acc=0.8240, val_loss=0.4183, val_top1=0.8500, val_macro_f1=0.7164, lr=0.000898
Epoch 56/240: train_loss=0.5332, train_acc=0.8255, val_loss=0.3453, val_top1=0.8846, val_macro_f1=0.7695, lr=0.000893
Early stopping at epoch 56

=== Backbone: MobileNetV2 (pretrained) (mobilenet_v2_pretrained) ===
Complexity: params=2,233,544, macs=292,279,168, cpu_latency=116.49ms, fpga_latency=8.51ms
Hardware: DSP=256, BRAM=5, LUT=9862, power=7.63W, feasible=True
Epoch 1/240: train_loss=1.7298, train_acc=0.4802, val_loss=1.8523, val_top1=0.4192, val_macro_f1=0.3558, lr=0.000200
Epoch 2/240: train_loss=1.0618, train_acc=0.6981, val_loss=1.0995, val_top1=0.5096, val_macro_f1=0.4410, lr=0.000360
Epoch 3/240: train_loss=0.6647, train_acc=0.7835, val_loss=0.4591, val_top1=0.8250, val_macro_f1=0.6893, lr=0.000520
Epoch 4/240: train_loss=0.5034, train_acc=0.8455, val_loss=0.5869, val_top1=0.7904, val_macro_f1=0.7001, lr=0.000680
Epoch 5/240: train_loss=0.4411, train_acc=0.8717, val_loss=0.3970, val_top1=0.8365, val_macro_f1=0.7468, lr=0.000840
Epoch 6/240: train_loss=0.3966, train_acc=0.8994, val_loss=0.3783, val_top1=0.8250, val_macro_f1=0.7266, lr=0.001000
Epoch 7/240: train_loss=0.3786, train_acc=0.9013, val_loss=0.2715, val_top1=0.9308, val_macro_f1=0.8617, lr=0.001000
Epoch 8/240: train_loss=0.3508, train_acc=0.9051, val_loss=0.2458, val_top1=0.9231, val_macro_f1=0.8308, lr=0.001000
Epoch 9/240: train_loss=0.2479, train_acc=0.9318, val_loss=0.5472, val_top1=0.9058, val_macro_f1=0.8025, lr=0.001000
Epoch 10/240: train_loss=0.2826, train_acc=0.9285, val_loss=0.2490, val_top1=0.9462, val_macro_f1=0.8767, lr=0.000999
Epoch 11/240: train_loss=0.2787, train_acc=0.9294, val_loss=0.2098, val_top1=0.9192, val_macro_f1=0.8647, lr=0.000999
Epoch 12/240: train_loss=0.2630, train_acc=0.9161, val_loss=0.1654, val_top1=0.9442, val_macro_f1=0.8953, lr=0.000998
Epoch 13/240: train_loss=0.2470, train_acc=0.9304, val_loss=0.2629, val_top1=0.9135, val_macro_f1=0.8464, lr=0.000998
Epoch 14/240: train_loss=0.2537, train_acc=0.9366, val_loss=0.1728, val_top1=0.9462, val_macro_f1=0.9077, lr=0.000997
Epoch 15/240: train_loss=0.1709, train_acc=0.9537, val_loss=0.1097, val_top1=0.9615, val_macro_f1=0.9136, lr=0.000996
Epoch 16/240: train_loss=0.1888, train_acc=0.9537, val_loss=0.2016, val_top1=0.9385, val_macro_f1=0.8426, lr=0.000996
Epoch 17/240: train_loss=0.1064, train_acc=0.9766, val_loss=0.1580, val_top1=0.9481, val_macro_f1=0.8935, lr=0.000995
Epoch 18/240: train_loss=0.1130, train_acc=0.9704, val_loss=0.1345, val_top1=0.9635, val_macro_f1=0.9269, lr=0.000994
Epoch 19/240: train_loss=0.1270, train_acc=0.9733, val_loss=0.1285, val_top1=0.9615, val_macro_f1=0.9125, lr=0.000993
Epoch 20/240: train_loss=0.0999, train_acc=0.9714, val_loss=0.1032, val_top1=0.9788, val_macro_f1=0.9545, lr=0.000991
Epoch 21/240: train_loss=0.1463, train_acc=0.9666, val_loss=0.3060, val_top1=0.8981, val_macro_f1=0.7878, lr=0.000990
Epoch 22/240: train_loss=0.1287, train_acc=0.9628, val_loss=0.1667, val_top1=0.9577, val_macro_f1=0.9184, lr=0.000989
Epoch 23/240: train_loss=0.1245, train_acc=0.9633, val_loss=0.0851, val_top1=0.9750, val_macro_f1=0.9475, lr=0.000987
Epoch 24/240: train_loss=0.2458, train_acc=0.9227, val_loss=0.2254, val_top1=0.9250, val_macro_f1=0.8456, lr=0.000986
Epoch 25/240: train_loss=0.3148, train_acc=0.9285, val_loss=3.5417, val_top1=0.4981, val_macro_f1=0.4869, lr=0.000984
Epoch 26/240: train_loss=0.2075, train_acc=0.9232, val_loss=0.2047, val_top1=0.9423, val_macro_f1=0.8864, lr=0.000982
Epoch 27/240: train_loss=0.3964, train_acc=0.8732, val_loss=0.4395, val_top1=0.8808, val_macro_f1=0.7639, lr=0.000981
Epoch 28/240: train_loss=0.2347, train_acc=0.9051, val_loss=0.1514, val_top1=0.9462, val_macro_f1=0.8682, lr=0.000979
Epoch 29/240: train_loss=0.1236, train_acc=0.9676, val_loss=0.1322, val_top1=0.9577, val_macro_f1=0.9128, lr=0.000977
Epoch 30/240: train_loss=0.1332, train_acc=0.9633, val_loss=0.1580, val_top1=0.9481, val_macro_f1=0.8557, lr=0.000975
Epoch 31/240: train_loss=0.1283, train_acc=0.9652, val_loss=0.1317, val_top1=0.9654, val_macro_f1=0.9238, lr=0.000973
Epoch 32/240: train_loss=0.0994, train_acc=0.9700, val_loss=0.1518, val_top1=0.9577, val_macro_f1=0.9147, lr=0.000970
Epoch 33/240: train_loss=0.1229, train_acc=0.9638, val_loss=0.1510, val_top1=0.9615, val_macro_f1=0.9121, lr=0.000968
Epoch 34/240: train_loss=0.1234, train_acc=0.9671, val_loss=0.1292, val_top1=0.9596, val_macro_f1=0.9153, lr=0.000966
Epoch 35/240: train_loss=0.0679, train_acc=0.9804, val_loss=0.1073, val_top1=0.9673, val_macro_f1=0.9326, lr=0.000963
Epoch 36/240: train_loss=0.0583, train_acc=0.9833, val_loss=0.0747, val_top1=0.9808, val_macro_f1=0.9542, lr=0.000961
Epoch 37/240: train_loss=0.0972, train_acc=0.9762, val_loss=0.1648, val_top1=0.9538, val_macro_f1=0.9098, lr=0.000958
Epoch 38/240: train_loss=0.0810, train_acc=0.9771, val_loss=0.1279, val_top1=0.9731, val_macro_f1=0.9405, lr=0.000955
Epoch 39/240: train_loss=0.0642, train_acc=0.9771, val_loss=0.1128, val_top1=0.9731, val_macro_f1=0.9457, lr=0.000953
Epoch 40/240: train_loss=0.0476, train_acc=0.9847, val_loss=0.1093, val_top1=0.9673, val_macro_f1=0.9340, lr=0.000950
Early stopping at epoch 40

=== Backbone: MobileNetV2 (scratch) (mobilenet_v2_scratch) ===
Complexity: params=2,233,544, macs=292,279,168, cpu_latency=90.20ms, fpga_latency=8.51ms
Hardware: DSP=256, BRAM=5, LUT=9862, power=7.63W, feasible=True
Epoch 1/240: train_loss=2.0558, train_acc=0.1984, val_loss=2.3401, val_top1=0.0346, val_macro_f1=0.0084, lr=0.000200
Epoch 2/240: train_loss=1.8071, train_acc=0.3429, val_loss=3.3379, val_top1=0.0346, val_macro_f1=0.0085, lr=0.000360
Epoch 3/240: train_loss=1.5805, train_acc=0.4368, val_loss=1.4930, val_top1=0.4827, val_macro_f1=0.3129, lr=0.000520
Epoch 4/240: train_loss=1.4287, train_acc=0.4931, val_loss=1.1687, val_top1=0.5365, val_macro_f1=0.4103, lr=0.000680
Epoch 5/240: train_loss=1.4371, train_acc=0.5079, val_loss=1.4488, val_top1=0.5500, val_macro_f1=0.3408, lr=0.000840
Epoch 6/240: train_loss=1.2656, train_acc=0.5489, val_loss=1.0321, val_top1=0.5865, val_macro_f1=0.4376, lr=0.001000
Epoch 7/240: train_loss=1.1280, train_acc=0.5966, val_loss=1.5825, val_top1=0.4808, val_macro_f1=0.3516, lr=0.001000
Epoch 8/240: train_loss=1.1040, train_acc=0.6290, val_loss=0.8089, val_top1=0.6712, val_macro_f1=0.5331, lr=0.001000
Epoch 9/240: train_loss=0.9530, train_acc=0.6629, val_loss=0.9782, val_top1=0.7500, val_macro_f1=0.4816, lr=0.001000
Epoch 10/240: train_loss=0.8896, train_acc=0.6824, val_loss=0.7890, val_top1=0.7250, val_macro_f1=0.4646, lr=0.000999
Epoch 11/240: train_loss=0.8784, train_acc=0.7186, val_loss=0.8167, val_top1=0.7385, val_macro_f1=0.5816, lr=0.000999
Epoch 12/240: train_loss=0.8470, train_acc=0.7406, val_loss=1.5690, val_top1=0.5000, val_macro_f1=0.3789, lr=0.000998
Epoch 13/240: train_loss=0.9294, train_acc=0.6886, val_loss=1.0205, val_top1=0.6519, val_macro_f1=0.5060, lr=0.000998
Epoch 14/240: train_loss=0.9048, train_acc=0.7120, val_loss=0.4592, val_top1=0.8750, val_macro_f1=0.6979, lr=0.000997
Epoch 15/240: train_loss=0.7059, train_acc=0.7792, val_loss=0.5503, val_top1=0.7904, val_macro_f1=0.6164, lr=0.000996
Epoch 16/240: train_loss=0.7080, train_acc=0.7649, val_loss=0.5343, val_top1=0.8365, val_macro_f1=0.6702, lr=0.000996
Epoch 17/240: train_loss=0.7322, train_acc=0.7773, val_loss=0.3707, val_top1=0.8981, val_macro_f1=0.7888, lr=0.000995
Epoch 18/240: train_loss=0.6466, train_acc=0.8083, val_loss=0.5625, val_top1=0.8269, val_macro_f1=0.7053, lr=0.000994
Epoch 19/240: train_loss=0.6799, train_acc=0.7845, val_loss=0.4013, val_top1=0.8481, val_macro_f1=0.7201, lr=0.000993
Epoch 20/240: train_loss=0.6172, train_acc=0.8059, val_loss=0.4033, val_top1=0.8404, val_macro_f1=0.7366, lr=0.000991
Epoch 21/240: train_loss=0.5948, train_acc=0.8097, val_loss=0.3905, val_top1=0.8904, val_macro_f1=0.7651, lr=0.000990
Epoch 22/240: train_loss=0.5855, train_acc=0.8193, val_loss=0.3608, val_top1=0.8558, val_macro_f1=0.7539, lr=0.000989
Epoch 23/240: train_loss=0.5262, train_acc=0.8431, val_loss=0.4236, val_top1=0.8231, val_macro_f1=0.6925, lr=0.000987
Epoch 24/240: train_loss=0.5920, train_acc=0.8231, val_loss=0.4734, val_top1=0.8346, val_macro_f1=0.7239, lr=0.000986
Epoch 25/240: train_loss=0.5468, train_acc=0.8350, val_loss=0.4672, val_top1=0.8327, val_macro_f1=0.7182, lr=0.000984
Epoch 26/240: train_loss=0.5779, train_acc=0.8183, val_loss=0.6507, val_top1=0.7750, val_macro_f1=0.6568, lr=0.000982
Epoch 27/240: train_loss=0.5263, train_acc=0.8493, val_loss=0.3356, val_top1=0.9077, val_macro_f1=0.7996, lr=0.000981
Epoch 28/240: train_loss=0.4376, train_acc=0.8712, val_loss=0.2367, val_top1=0.9327, val_macro_f1=0.8622, lr=0.000979
Epoch 29/240: train_loss=0.3827, train_acc=0.8884, val_loss=0.3871, val_top1=0.8654, val_macro_f1=0.7577, lr=0.000977
Epoch 30/240: train_loss=0.4723, train_acc=0.8574, val_loss=0.3223, val_top1=0.8962, val_macro_f1=0.8249, lr=0.000975
Epoch 31/240: train_loss=0.4305, train_acc=0.8708, val_loss=0.3605, val_top1=0.8808, val_macro_f1=0.7462, lr=0.000973
Epoch 32/240: train_loss=0.4096, train_acc=0.8703, val_loss=0.3281, val_top1=0.9077, val_macro_f1=0.8537, lr=0.000970
Epoch 33/240: train_loss=0.3388, train_acc=0.8898, val_loss=0.2697, val_top1=0.9038, val_macro_f1=0.8202, lr=0.000968
Epoch 34/240: train_loss=0.4324, train_acc=0.8841, val_loss=0.9451, val_top1=0.7192, val_macro_f1=0.6260, lr=0.000966
Epoch 35/240: train_loss=0.5402, train_acc=0.8326, val_loss=0.5099, val_top1=0.8288, val_macro_f1=0.7143, lr=0.000963
Epoch 36/240: train_loss=0.4364, train_acc=0.8674, val_loss=0.3017, val_top1=0.8808, val_macro_f1=0.7825, lr=0.000961
Epoch 37/240: train_loss=0.3758, train_acc=0.8865, val_loss=0.2407, val_top1=0.9154, val_macro_f1=0.8378, lr=0.000958
Epoch 38/240: train_loss=0.4030, train_acc=0.8908, val_loss=0.2973, val_top1=0.9058, val_macro_f1=0.7854, lr=0.000955
Epoch 39/240: train_loss=0.3344, train_acc=0.8975, val_loss=0.1846, val_top1=0.9308, val_macro_f1=0.8737, lr=0.000953
Epoch 40/240: train_loss=0.2964, train_acc=0.9103, val_loss=0.3030, val_top1=0.8885, val_macro_f1=0.7746, lr=0.000950
Epoch 41/240: train_loss=0.3327, train_acc=0.9061, val_loss=0.1841, val_top1=0.9442, val_macro_f1=0.8925, lr=0.000947
Epoch 42/240: train_loss=0.2885, train_acc=0.9151, val_loss=0.2080, val_top1=0.9442, val_macro_f1=0.8889, lr=0.000944
Epoch 43/240: train_loss=0.2638, train_acc=0.9285, val_loss=0.2037, val_top1=0.9481, val_macro_f1=0.8889, lr=0.000941
Epoch 44/240: train_loss=0.3112, train_acc=0.9056, val_loss=0.6549, val_top1=0.7596, val_macro_f1=0.6956, lr=0.000937
Epoch 45/240: train_loss=0.3396, train_acc=0.8951, val_loss=0.2230, val_top1=0.9365, val_macro_f1=0.8439, lr=0.000934
Epoch 46/240: train_loss=0.3379, train_acc=0.9032, val_loss=0.2024, val_top1=0.9404, val_macro_f1=0.8902, lr=0.000931
Epoch 47/240: train_loss=0.3523, train_acc=0.8908, val_loss=0.1985, val_top1=0.9365, val_macro_f1=0.8833, lr=0.000927
Epoch 48/240: train_loss=0.3135, train_acc=0.9118, val_loss=0.1733, val_top1=0.9308, val_macro_f1=0.8476, lr=0.000924
Epoch 49/240: train_loss=0.2631, train_acc=0.9175, val_loss=0.2010, val_top1=0.9462, val_macro_f1=0.8814, lr=0.000920
Epoch 50/240: train_loss=0.3094, train_acc=0.9142, val_loss=0.3918, val_top1=0.8962, val_macro_f1=0.7974, lr=0.000917
Epoch 51/240: train_loss=0.3029, train_acc=0.9127, val_loss=0.3065, val_top1=0.8846, val_macro_f1=0.8255, lr=0.000913
Epoch 52/240: train_loss=0.2512, train_acc=0.9266, val_loss=0.2265, val_top1=0.9250, val_macro_f1=0.8773, lr=0.000909
Epoch 53/240: train_loss=0.2841, train_acc=0.9151, val_loss=0.2165, val_top1=0.9481, val_macro_f1=0.8859, lr=0.000905
Epoch 54/240: train_loss=0.2508, train_acc=0.9332, val_loss=0.1570, val_top1=0.9462, val_macro_f1=0.8955, lr=0.000902
Epoch 55/240: train_loss=0.2047, train_acc=0.9442, val_loss=0.1516, val_top1=0.9558, val_macro_f1=0.9082, lr=0.000898
Epoch 56/240: train_loss=0.1916, train_acc=0.9552, val_loss=0.2003, val_top1=0.9462, val_macro_f1=0.8894, lr=0.000893
Epoch 57/240: train_loss=0.2015, train_acc=0.9433, val_loss=0.2565, val_top1=0.9192, val_macro_f1=0.8336, lr=0.000889
Epoch 58/240: train_loss=0.2002, train_acc=0.9456, val_loss=0.2007, val_top1=0.9423, val_macro_f1=0.8845, lr=0.000885
Epoch 59/240: train_loss=0.2530, train_acc=0.9318, val_loss=0.2230, val_top1=0.9192, val_macro_f1=0.8630, lr=0.000881
Epoch 60/240: train_loss=0.2246, train_acc=0.9351, val_loss=0.1899, val_top1=0.9558, val_macro_f1=0.9092, lr=0.000877
Epoch 61/240: train_loss=0.2110, train_acc=0.9323, val_loss=0.1750, val_top1=0.9442, val_macro_f1=0.8926, lr=0.000872
Epoch 62/240: train_loss=0.1761, train_acc=0.9447, val_loss=0.2305, val_top1=0.9154, val_macro_f1=0.8612, lr=0.000868
Epoch 63/240: train_loss=0.1972, train_acc=0.9442, val_loss=0.1594, val_top1=0.9654, val_macro_f1=0.9243, lr=0.000863
Epoch 64/240: train_loss=0.1672, train_acc=0.9499, val_loss=0.2122, val_top1=0.9423, val_macro_f1=0.8783, lr=0.000859
Epoch 65/240: train_loss=0.1653, train_acc=0.9566, val_loss=0.2111, val_top1=0.9558, val_macro_f1=0.8863, lr=0.000854
Epoch 66/240: train_loss=0.1744, train_acc=0.9475, val_loss=0.2021, val_top1=0.9654, val_macro_f1=0.9126, lr=0.000849
Epoch 67/240: train_loss=0.2287, train_acc=0.9356, val_loss=0.2246, val_top1=0.9250, val_macro_f1=0.8807, lr=0.000844
Epoch 68/240: train_loss=0.1856, train_acc=0.9495, val_loss=0.1942, val_top1=0.9365, val_macro_f1=0.8995, lr=0.000839
Epoch 69/240: train_loss=0.1402, train_acc=0.9599, val_loss=0.1803, val_top1=0.9500, val_macro_f1=0.9081, lr=0.000835
Epoch 70/240: train_loss=0.1724, train_acc=0.9499, val_loss=0.1558, val_top1=0.9673, val_macro_f1=0.9345, lr=0.000830
Epoch 71/240: train_loss=0.1805, train_acc=0.9471, val_loss=0.1916, val_top1=0.9519, val_macro_f1=0.8951, lr=0.000825
Epoch 72/240: train_loss=0.2216, train_acc=0.9328, val_loss=0.1457, val_top1=0.9500, val_macro_f1=0.9065, lr=0.000820
Epoch 73/240: train_loss=0.1718, train_acc=0.9533, val_loss=0.1369, val_top1=0.9731, val_macro_f1=0.9468, lr=0.000814
Epoch 74/240: train_loss=0.1669, train_acc=0.9533, val_loss=0.1908, val_top1=0.9423, val_macro_f1=0.8739, lr=0.000809
Epoch 75/240: train_loss=0.1967, train_acc=0.9447, val_loss=0.4681, val_top1=0.8327, val_macro_f1=0.8084, lr=0.000804
Epoch 76/240: train_loss=0.1802, train_acc=0.9461, val_loss=0.1122, val_top1=0.9654, val_macro_f1=0.9127, lr=0.000799
Epoch 77/240: train_loss=0.1537, train_acc=0.9514, val_loss=0.2632, val_top1=0.9538, val_macro_f1=0.8905, lr=0.000793
Epoch 78/240: train_loss=0.1346, train_acc=0.9609, val_loss=0.2054, val_top1=0.9577, val_macro_f1=0.9045, lr=0.000788
Epoch 79/240: train_loss=0.1477, train_acc=0.9609, val_loss=0.1405, val_top1=0.9654, val_macro_f1=0.9284, lr=0.000782
Epoch 80/240: train_loss=0.1500, train_acc=0.9547, val_loss=0.1107, val_top1=0.9654, val_macro_f1=0.9284, lr=0.000777
Epoch 81/240: train_loss=0.1480, train_acc=0.9609, val_loss=0.1495, val_top1=0.9596, val_macro_f1=0.9129, lr=0.000771
Epoch 82/240: train_loss=0.1197, train_acc=0.9642, val_loss=0.1146, val_top1=0.9712, val_macro_f1=0.9360, lr=0.000766
Epoch 83/240: train_loss=0.1053, train_acc=0.9690, val_loss=0.1207, val_top1=0.9750, val_macro_f1=0.9575, lr=0.000760
Epoch 84/240: train_loss=0.1253, train_acc=0.9642, val_loss=0.1571, val_top1=0.9577, val_macro_f1=0.9187, lr=0.000754
Epoch 85/240: train_loss=0.1583, train_acc=0.9523, val_loss=0.1062, val_top1=0.9692, val_macro_f1=0.9445, lr=0.000749
Epoch 86/240: train_loss=0.1667, train_acc=0.9504, val_loss=0.2436, val_top1=0.9481, val_macro_f1=0.8764, lr=0.000743
Epoch 87/240: train_loss=0.1348, train_acc=0.9595, val_loss=0.1225, val_top1=0.9673, val_macro_f1=0.9405, lr=0.000737
Epoch 88/240: train_loss=0.1327, train_acc=0.9652, val_loss=0.1972, val_top1=0.9250, val_macro_f1=0.8766, lr=0.000731
Epoch 89/240: train_loss=0.1787, train_acc=0.9528, val_loss=0.1058, val_top1=0.9692, val_macro_f1=0.9440, lr=0.000725
Epoch 90/240: train_loss=0.1265, train_acc=0.9652, val_loss=0.1600, val_top1=0.9731, val_macro_f1=0.9020, lr=0.000719
Epoch 91/240: train_loss=0.1046, train_acc=0.9671, val_loss=0.1593, val_top1=0.9596, val_macro_f1=0.9184, lr=0.000713
Epoch 92/240: train_loss=0.1442, train_acc=0.9595, val_loss=0.2295, val_top1=0.9558, val_macro_f1=0.8903, lr=0.000707
Epoch 93/240: train_loss=0.1624, train_acc=0.9523, val_loss=0.2100, val_top1=0.9538, val_macro_f1=0.9170, lr=0.000701
Epoch 94/240: train_loss=0.1310, train_acc=0.9614, val_loss=0.1159, val_top1=0.9692, val_macro_f1=0.9313, lr=0.000695
Epoch 95/240: train_loss=0.1274, train_acc=0.9595, val_loss=0.1211, val_top1=0.9750, val_macro_f1=0.9457, lr=0.000689
Epoch 96/240: train_loss=0.0944, train_acc=0.9714, val_loss=0.1528, val_top1=0.9538, val_macro_f1=0.9040, lr=0.000683
Epoch 97/240: train_loss=0.0713, train_acc=0.9781, val_loss=0.0968, val_top1=0.9673, val_macro_f1=0.9345, lr=0.000677
Epoch 98/240: train_loss=0.0675, train_acc=0.9771, val_loss=0.1347, val_top1=0.9712, val_macro_f1=0.9203, lr=0.000670
Epoch 99/240: train_loss=0.0691, train_acc=0.9766, val_loss=0.1315, val_top1=0.9750, val_macro_f1=0.9527, lr=0.000664
Epoch 100/240: train_loss=0.0776, train_acc=0.9757, val_loss=0.1084, val_top1=0.9673, val_macro_f1=0.9226, lr=0.000658
Epoch 101/240: train_loss=0.0906, train_acc=0.9781, val_loss=0.1007, val_top1=0.9692, val_macro_f1=0.9381, lr=0.000652
Epoch 102/240: train_loss=0.1562, train_acc=0.9623, val_loss=0.1979, val_top1=0.9654, val_macro_f1=0.9308, lr=0.000645
Epoch 103/240: train_loss=0.1417, train_acc=0.9599, val_loss=0.1904, val_top1=0.9385, val_macro_f1=0.8901, lr=0.000639
Early stopping at epoch 103

=== Backbone: FBNet-like (fbnet_like) ===
Complexity: params=1,054,536, macs=153,016,464, cpu_latency=133.32ms, fpga_latency=6.58ms
Hardware: DSP=256, BRAM=10, LUT=10094, power=7.77W, feasible=True
Epoch 1/240: train_loss=2.1061, train_acc=0.1745, val_loss=2.0698, val_top1=0.0308, val_macro_f1=0.0078, lr=0.000200
Epoch 2/240: train_loss=2.0842, train_acc=0.1607, val_loss=2.1012, val_top1=0.0423, val_macro_f1=0.0102, lr=0.000360
Epoch 3/240: train_loss=2.1011, train_acc=0.1264, val_loss=2.0605, val_top1=0.1308, val_macro_f1=0.0741, lr=0.000520
Epoch 4/240: train_loss=2.0967, train_acc=0.1073, val_loss=2.2991, val_top1=0.0962, val_macro_f1=0.0406, lr=0.000680
Epoch 5/240: train_loss=2.0560, train_acc=0.1884, val_loss=2.5449, val_top1=0.0635, val_macro_f1=0.0432, lr=0.000840
Epoch 6/240: train_loss=1.9746, train_acc=0.2289, val_loss=2.2860, val_top1=0.0712, val_macro_f1=0.0444, lr=0.001000
Epoch 7/240: train_loss=1.8758, train_acc=0.2361, val_loss=2.2335, val_top1=0.1981, val_macro_f1=0.1308, lr=0.001000
Epoch 8/240: train_loss=1.9001, train_acc=0.2747, val_loss=2.0755, val_top1=0.2096, val_macro_f1=0.1357, lr=0.001000
Epoch 9/240: train_loss=1.7255, train_acc=0.3705, val_loss=1.9494, val_top1=0.2000, val_macro_f1=0.1304, lr=0.001000
Epoch 10/240: train_loss=1.5776, train_acc=0.3658, val_loss=1.3457, val_top1=0.4942, val_macro_f1=0.3277, lr=0.000999
Epoch 11/240: train_loss=1.5370, train_acc=0.3767, val_loss=1.3308, val_top1=0.4462, val_macro_f1=0.2882, lr=0.000999
Epoch 12/240: train_loss=1.5828, train_acc=0.4254, val_loss=1.3310, val_top1=0.3904, val_macro_f1=0.2864, lr=0.000998
Epoch 13/240: train_loss=1.4879, train_acc=0.4368, val_loss=1.5233, val_top1=0.3231, val_macro_f1=0.2903, lr=0.000998
Epoch 14/240: train_loss=1.4828, train_acc=0.4435, val_loss=1.3275, val_top1=0.4712, val_macro_f1=0.3287, lr=0.000997
Epoch 15/240: train_loss=1.3728, train_acc=0.4831, val_loss=1.2624, val_top1=0.4577, val_macro_f1=0.3445, lr=0.000996
Epoch 16/240: train_loss=1.3741, train_acc=0.4673, val_loss=1.0843, val_top1=0.5692, val_macro_f1=0.3836, lr=0.000996
Epoch 17/240: train_loss=1.3661, train_acc=0.4807, val_loss=1.3318, val_top1=0.4154, val_macro_f1=0.3184, lr=0.000995
Epoch 18/240: train_loss=1.3081, train_acc=0.5069, val_loss=1.5036, val_top1=0.3577, val_macro_f1=0.3137, lr=0.000994
Epoch 19/240: train_loss=1.3423, train_acc=0.4759, val_loss=1.0399, val_top1=0.6481, val_macro_f1=0.4858, lr=0.000993
Epoch 20/240: train_loss=1.3127, train_acc=0.5021, val_loss=1.2987, val_top1=0.4173, val_macro_f1=0.3559, lr=0.000991
Epoch 21/240: train_loss=1.2458, train_acc=0.5327, val_loss=1.0185, val_top1=0.5538, val_macro_f1=0.4592, lr=0.000990
Epoch 22/240: train_loss=1.2137, train_acc=0.5017, val_loss=1.1157, val_top1=0.5096, val_macro_f1=0.4498, lr=0.000989
Epoch 23/240: train_loss=1.1893, train_acc=0.5327, val_loss=1.1479, val_top1=0.5000, val_macro_f1=0.4414, lr=0.000987
Epoch 24/240: train_loss=1.1936, train_acc=0.5398, val_loss=0.9925, val_top1=0.6231, val_macro_f1=0.4558, lr=0.000986
Epoch 25/240: train_loss=1.2535, train_acc=0.5575, val_loss=1.0817, val_top1=0.5519, val_macro_f1=0.4349, lr=0.000984
Epoch 26/240: train_loss=1.1495, train_acc=0.5713, val_loss=1.0189, val_top1=0.5404, val_macro_f1=0.4419, lr=0.000982
Epoch 27/240: train_loss=1.1288, train_acc=0.5503, val_loss=0.9204, val_top1=0.5923, val_macro_f1=0.4517, lr=0.000981
Epoch 28/240: train_loss=1.0366, train_acc=0.6166, val_loss=0.9822, val_top1=0.5788, val_macro_f1=0.5141, lr=0.000979
Epoch 29/240: train_loss=1.0867, train_acc=0.6113, val_loss=1.1781, val_top1=0.4692, val_macro_f1=0.3964, lr=0.000977
Epoch 30/240: train_loss=1.1122, train_acc=0.5956, val_loss=1.0690, val_top1=0.5250, val_macro_f1=0.4745, lr=0.000975
Epoch 31/240: train_loss=1.0936, train_acc=0.5780, val_loss=1.1379, val_top1=0.5096, val_macro_f1=0.4163, lr=0.000973
Epoch 32/240: train_loss=1.0400, train_acc=0.6066, val_loss=1.0974, val_top1=0.4865, val_macro_f1=0.4613, lr=0.000970
Epoch 33/240: train_loss=1.0386, train_acc=0.6271, val_loss=1.0204, val_top1=0.6077, val_macro_f1=0.4812, lr=0.000968
Epoch 34/240: train_loss=1.0181, train_acc=0.6209, val_loss=0.8913, val_top1=0.6058, val_macro_f1=0.5032, lr=0.000966
Epoch 35/240: train_loss=0.9550, train_acc=0.6657, val_loss=0.9844, val_top1=0.5519, val_macro_f1=0.4710, lr=0.000963
Epoch 36/240: train_loss=0.9338, train_acc=0.6400, val_loss=1.0974, val_top1=0.5058, val_macro_f1=0.4546, lr=0.000961
Epoch 37/240: train_loss=1.0319, train_acc=0.6171, val_loss=0.8839, val_top1=0.5865, val_macro_f1=0.5106, lr=0.000958
Epoch 38/240: train_loss=0.9528, train_acc=0.6590, val_loss=0.7932, val_top1=0.6942, val_macro_f1=0.5669, lr=0.000955
Epoch 39/240: train_loss=0.8983, train_acc=0.6724, val_loss=0.7326, val_top1=0.6846, val_macro_f1=0.5915, lr=0.000953
Epoch 40/240: train_loss=0.9916, train_acc=0.6686, val_loss=0.9459, val_top1=0.5615, val_macro_f1=0.4847, lr=0.000950
Epoch 41/240: train_loss=0.9014, train_acc=0.6547, val_loss=0.8145, val_top1=0.6404, val_macro_f1=0.5243, lr=0.000947
Epoch 42/240: train_loss=0.9313, train_acc=0.6786, val_loss=0.7705, val_top1=0.7000, val_macro_f1=0.5878, lr=0.000944
Epoch 43/240: train_loss=0.8982, train_acc=0.6972, val_loss=0.8410, val_top1=0.6519, val_macro_f1=0.5639, lr=0.000941
Epoch 44/240: train_loss=0.8041, train_acc=0.6953, val_loss=0.7516, val_top1=0.7327, val_macro_f1=0.5945, lr=0.000937
Epoch 45/240: train_loss=0.8555, train_acc=0.6915, val_loss=0.7209, val_top1=0.6750, val_macro_f1=0.6046, lr=0.000934
Epoch 46/240: train_loss=0.8563, train_acc=0.6881, val_loss=0.5877, val_top1=0.7423, val_macro_f1=0.6256, lr=0.000931
Epoch 47/240: train_loss=0.8328, train_acc=0.7091, val_loss=0.6882, val_top1=0.7308, val_macro_f1=0.6349, lr=0.000927
Epoch 48/240: train_loss=0.7477, train_acc=0.7420, val_loss=0.5800, val_top1=0.8231, val_macro_f1=0.6339, lr=0.000924
Epoch 49/240: train_loss=0.8161, train_acc=0.7172, val_loss=0.6579, val_top1=0.7538, val_macro_f1=0.6697, lr=0.000920
Epoch 50/240: train_loss=0.8369, train_acc=0.7191, val_loss=0.6891, val_top1=0.7288, val_macro_f1=0.6025, lr=0.000917
Epoch 51/240: train_loss=0.8034, train_acc=0.7387, val_loss=0.4923, val_top1=0.7981, val_macro_f1=0.6990, lr=0.000913
Epoch 52/240: train_loss=0.7429, train_acc=0.7372, val_loss=0.6072, val_top1=0.7635, val_macro_f1=0.7031, lr=0.000909
Epoch 53/240: train_loss=0.7164, train_acc=0.7520, val_loss=0.5283, val_top1=0.7981, val_macro_f1=0.6665, lr=0.000905
Epoch 54/240: train_loss=0.7203, train_acc=0.7678, val_loss=0.5357, val_top1=0.7692, val_macro_f1=0.6711, lr=0.000902
Epoch 55/240: train_loss=0.7325, train_acc=0.7315, val_loss=0.4863, val_top1=0.7942, val_macro_f1=0.6459, lr=0.000898
Epoch 56/240: train_loss=0.7691, train_acc=0.7535, val_loss=0.4658, val_top1=0.8173, val_macro_f1=0.7108, lr=0.000893
Epoch 57/240: train_loss=0.6526, train_acc=0.7678, val_loss=0.3896, val_top1=0.8673, val_macro_f1=0.7918, lr=0.000889
Epoch 58/240: train_loss=0.7500, train_acc=0.7597, val_loss=0.4929, val_top1=0.8192, val_macro_f1=0.7225, lr=0.000885
Epoch 59/240: train_loss=0.6968, train_acc=0.7606, val_loss=0.3734, val_top1=0.8750, val_macro_f1=0.7661, lr=0.000881
Epoch 60/240: train_loss=0.6384, train_acc=0.7787, val_loss=0.4230, val_top1=0.8635, val_macro_f1=0.7756, lr=0.000877
Epoch 61/240: train_loss=0.6636, train_acc=0.7773, val_loss=0.4231, val_top1=0.8327, val_macro_f1=0.7273, lr=0.000872
Epoch 62/240: train_loss=0.6865, train_acc=0.7878, val_loss=0.4888, val_top1=0.8231, val_macro_f1=0.7231, lr=0.000868
Epoch 63/240: train_loss=0.6807, train_acc=0.7711, val_loss=0.4245, val_top1=0.8538, val_macro_f1=0.6836, lr=0.000863
Epoch 64/240: train_loss=0.6672, train_acc=0.7792, val_loss=0.3755, val_top1=0.8635, val_macro_f1=0.7771, lr=0.000859
Epoch 65/240: train_loss=0.6466, train_acc=0.8112, val_loss=0.3815, val_top1=0.8596, val_macro_f1=0.7635, lr=0.000854
Epoch 66/240: train_loss=0.6630, train_acc=0.7792, val_loss=0.4780, val_top1=0.8000, val_macro_f1=0.7030, lr=0.000849
Epoch 67/240: train_loss=0.6322, train_acc=0.7797, val_loss=0.3517, val_top1=0.8673, val_macro_f1=0.7787, lr=0.000844
Epoch 68/240: train_loss=0.6431, train_acc=0.8026, val_loss=0.4750, val_top1=0.8077, val_macro_f1=0.7041, lr=0.000839
Epoch 69/240: train_loss=0.6414, train_acc=0.7930, val_loss=0.3896, val_top1=0.8577, val_macro_f1=0.7502, lr=0.000835
Epoch 70/240: train_loss=0.6349, train_acc=0.8054, val_loss=0.4503, val_top1=0.8308, val_macro_f1=0.7458, lr=0.000830
Epoch 71/240: train_loss=0.5789, train_acc=0.8016, val_loss=0.3520, val_top1=0.8635, val_macro_f1=0.7821, lr=0.000825
Epoch 72/240: train_loss=0.5481, train_acc=0.8188, val_loss=0.2952, val_top1=0.9058, val_macro_f1=0.8352, lr=0.000820
Epoch 73/240: train_loss=0.5167, train_acc=0.8269, val_loss=0.2825, val_top1=0.9135, val_macro_f1=0.8573, lr=0.000814
Epoch 74/240: train_loss=0.5790, train_acc=0.8131, val_loss=0.3642, val_top1=0.8712, val_macro_f1=0.7804, lr=0.000809
Epoch 75/240: train_loss=0.5375, train_acc=0.8336, val_loss=0.3176, val_top1=0.8692, val_macro_f1=0.7635, lr=0.000804
Epoch 76/240: train_loss=0.5858, train_acc=0.8250, val_loss=0.3313, val_top1=0.8750, val_macro_f1=0.8093, lr=0.000799
Epoch 77/240: train_loss=0.5082, train_acc=0.8250, val_loss=0.3959, val_top1=0.8269, val_macro_f1=0.7724, lr=0.000793
Epoch 78/240: train_loss=0.5173, train_acc=0.8255, val_loss=0.2637, val_top1=0.9038, val_macro_f1=0.8137, lr=0.000788
Epoch 79/240: train_loss=0.5247, train_acc=0.8383, val_loss=0.3305, val_top1=0.8788, val_macro_f1=0.7967, lr=0.000782
Epoch 80/240: train_loss=0.5068, train_acc=0.8350, val_loss=0.3750, val_top1=0.8596, val_macro_f1=0.7874, lr=0.000777
Epoch 81/240: train_loss=0.5408, train_acc=0.8231, val_loss=0.3293, val_top1=0.8981, val_macro_f1=0.7979, lr=0.000771
Epoch 82/240: train_loss=0.5037, train_acc=0.8369, val_loss=0.3115, val_top1=0.8942, val_macro_f1=0.8267, lr=0.000766
Epoch 83/240: train_loss=0.5038, train_acc=0.8498, val_loss=0.3363, val_top1=0.8769, val_macro_f1=0.8307, lr=0.000760
Epoch 84/240: train_loss=0.4987, train_acc=0.8379, val_loss=0.3370, val_top1=0.8577, val_macro_f1=0.7825, lr=0.000754
Epoch 85/240: train_loss=0.5541, train_acc=0.8278, val_loss=0.3162, val_top1=0.8923, val_macro_f1=0.8180, lr=0.000749
Epoch 86/240: train_loss=0.4950, train_acc=0.8469, val_loss=0.2858, val_top1=0.8981, val_macro_f1=0.8424, lr=0.000743
Epoch 87/240: train_loss=0.5241, train_acc=0.8588, val_loss=0.3293, val_top1=0.8673, val_macro_f1=0.7996, lr=0.000737
Epoch 88/240: train_loss=0.4965, train_acc=0.8374, val_loss=0.3116, val_top1=0.8769, val_macro_f1=0.7718, lr=0.000731
Epoch 89/240: train_loss=0.4868, train_acc=0.8441, val_loss=0.3727, val_top1=0.8808, val_macro_f1=0.8101, lr=0.000725
Epoch 90/240: train_loss=0.5125, train_acc=0.8479, val_loss=0.3954, val_top1=0.8442, val_macro_f1=0.7642, lr=0.000719
Epoch 91/240: train_loss=0.4417, train_acc=0.8622, val_loss=0.3089, val_top1=0.8846, val_macro_f1=0.8209, lr=0.000713
Epoch 92/240: train_loss=0.4676, train_acc=0.8584, val_loss=0.3284, val_top1=0.8827, val_macro_f1=0.8284, lr=0.000707
Epoch 93/240: train_loss=0.5040, train_acc=0.8450, val_loss=0.2915, val_top1=0.8923, val_macro_f1=0.8233, lr=0.000701
Early stopping at epoch 93

=== Backbone: ShuffleNetV2 (shufflenet_v2) ===
Complexity: params=1,261,372, macs=138,473,176, cpu_latency=113.21ms, fpga_latency=3.23ms
Hardware: DSP=256, BRAM=3, LUT=8838, power=7.39W, feasible=True
Epoch 1/240: train_loss=2.0430, train_acc=0.4683, val_loss=1.9986, val_top1=0.5481, val_macro_f1=0.3226, lr=0.000200
Epoch 2/240: train_loss=1.7431, train_acc=0.6395, val_loss=1.6207, val_top1=0.6942, val_macro_f1=0.4927, lr=0.000360
Epoch 3/240: train_loss=1.2228, train_acc=0.6776, val_loss=0.9388, val_top1=0.8519, val_macro_f1=0.7496, lr=0.000520
Epoch 4/240: train_loss=0.7936, train_acc=0.8169, val_loss=0.6672, val_top1=0.8173, val_macro_f1=0.6496, lr=0.000680
Epoch 5/240: train_loss=0.5885, train_acc=0.8393, val_loss=0.3103, val_top1=0.9288, val_macro_f1=0.8683, lr=0.000840
Epoch 6/240: train_loss=0.4461, train_acc=0.8765, val_loss=0.2967, val_top1=0.8923, val_macro_f1=0.8247, lr=0.001000
Epoch 7/240: train_loss=0.3856, train_acc=0.8951, val_loss=0.2386, val_top1=0.9442, val_macro_f1=0.8643, lr=0.001000
Epoch 8/240: train_loss=0.3554, train_acc=0.9032, val_loss=0.2217, val_top1=0.9346, val_macro_f1=0.8602, lr=0.001000
Epoch 9/240: train_loss=0.3486, train_acc=0.9132, val_loss=0.2456, val_top1=0.9192, val_macro_f1=0.8539, lr=0.001000
Epoch 10/240: train_loss=0.2714, train_acc=0.9261, val_loss=0.1594, val_top1=0.9385, val_macro_f1=0.8839, lr=0.000999
Epoch 11/240: train_loss=0.2382, train_acc=0.9356, val_loss=0.2141, val_top1=0.9558, val_macro_f1=0.8761, lr=0.000999
Epoch 12/240: train_loss=0.2232, train_acc=0.9413, val_loss=0.1349, val_top1=0.9500, val_macro_f1=0.8943, lr=0.000998
Epoch 13/240: train_loss=0.2249, train_acc=0.9404, val_loss=0.1947, val_top1=0.9423, val_macro_f1=0.8914, lr=0.000998
Epoch 14/240: train_loss=0.2142, train_acc=0.9514, val_loss=0.0933, val_top1=0.9712, val_macro_f1=0.9352, lr=0.000997
Epoch 15/240: train_loss=0.1665, train_acc=0.9609, val_loss=0.0986, val_top1=0.9750, val_macro_f1=0.9442, lr=0.000996
Epoch 16/240: train_loss=0.1325, train_acc=0.9671, val_loss=0.0866, val_top1=0.9692, val_macro_f1=0.9351, lr=0.000996
Epoch 17/240: train_loss=0.1188, train_acc=0.9657, val_loss=0.0497, val_top1=0.9885, val_macro_f1=0.9706, lr=0.000995
Epoch 18/240: train_loss=0.1140, train_acc=0.9676, val_loss=0.0907, val_top1=0.9731, val_macro_f1=0.9486, lr=0.000994
Epoch 19/240: train_loss=0.1448, train_acc=0.9614, val_loss=0.1207, val_top1=0.9596, val_macro_f1=0.9138, lr=0.000993
Epoch 20/240: train_loss=0.1103, train_acc=0.9685, val_loss=0.3388, val_top1=0.9442, val_macro_f1=0.8819, lr=0.000991
Epoch 21/240: train_loss=0.1264, train_acc=0.9671, val_loss=0.1268, val_top1=0.9615, val_macro_f1=0.9336, lr=0.000990
Epoch 22/240: train_loss=0.1562, train_acc=0.9533, val_loss=0.1646, val_top1=0.9673, val_macro_f1=0.9156, lr=0.000989
Epoch 23/240: train_loss=0.1400, train_acc=0.9704, val_loss=0.0985, val_top1=0.9673, val_macro_f1=0.9376, lr=0.000987
Epoch 24/240: train_loss=0.0911, train_acc=0.9781, val_loss=0.1394, val_top1=0.9673, val_macro_f1=0.9330, lr=0.000986
Epoch 25/240: train_loss=0.1023, train_acc=0.9733, val_loss=0.1455, val_top1=0.9615, val_macro_f1=0.9325, lr=0.000984
Epoch 26/240: train_loss=0.1100, train_acc=0.9728, val_loss=0.0653, val_top1=0.9808, val_macro_f1=0.9590, lr=0.000982
Epoch 27/240: train_loss=0.0919, train_acc=0.9733, val_loss=0.0933, val_top1=0.9750, val_macro_f1=0.9473, lr=0.000981
Epoch 28/240: train_loss=0.0803, train_acc=0.9814, val_loss=0.1082, val_top1=0.9712, val_macro_f1=0.9353, lr=0.000979
Epoch 29/240: train_loss=0.0979, train_acc=0.9766, val_loss=0.0987, val_top1=0.9692, val_macro_f1=0.9305, lr=0.000977
Epoch 30/240: train_loss=0.1050, train_acc=0.9762, val_loss=0.0950, val_top1=0.9750, val_macro_f1=0.9458, lr=0.000975
Epoch 31/240: train_loss=0.0944, train_acc=0.9719, val_loss=0.1227, val_top1=0.9692, val_macro_f1=0.9330, lr=0.000973
Epoch 32/240: train_loss=0.0691, train_acc=0.9795, val_loss=0.0785, val_top1=0.9750, val_macro_f1=0.9471, lr=0.000970
Epoch 33/240: train_loss=0.0461, train_acc=0.9852, val_loss=0.0682, val_top1=0.9769, val_macro_f1=0.9590, lr=0.000968
Epoch 34/240: train_loss=0.0461, train_acc=0.9833, val_loss=0.0865, val_top1=0.9673, val_macro_f1=0.9333, lr=0.000966
Epoch 35/240: train_loss=0.0463, train_acc=0.9866, val_loss=0.0649, val_top1=0.9885, val_macro_f1=0.9707, lr=0.000963
Epoch 36/240: train_loss=0.0804, train_acc=0.9714, val_loss=0.2943, val_top1=0.9038, val_macro_f1=0.7982, lr=0.000961
Epoch 37/240: train_loss=0.0767, train_acc=0.9771, val_loss=0.0952, val_top1=0.9731, val_macro_f1=0.9400, lr=0.000958
Epoch 38/240: train_loss=0.0756, train_acc=0.9766, val_loss=0.1301, val_top1=0.9731, val_macro_f1=0.9500, lr=0.000955
Epoch 39/240: train_loss=0.0612, train_acc=0.9843, val_loss=0.1160, val_top1=0.9827, val_macro_f1=0.9581, lr=0.000953
Epoch 40/240: train_loss=0.0371, train_acc=0.9890, val_loss=0.1004, val_top1=0.9865, val_macro_f1=0.9691, lr=0.000950
Epoch 41/240: train_loss=0.0297, train_acc=0.9905, val_loss=0.0807, val_top1=0.9788, val_macro_f1=0.9551, lr=0.000947
Epoch 42/240: train_loss=0.0468, train_acc=0.9866, val_loss=0.0835, val_top1=0.9923, val_macro_f1=0.9794, lr=0.000944
Epoch 43/240: train_loss=0.0497, train_acc=0.9843, val_loss=0.1216, val_top1=0.9808, val_macro_f1=0.9599, lr=0.000941
Epoch 44/240: train_loss=0.0598, train_acc=0.9804, val_loss=0.1057, val_top1=0.9846, val_macro_f1=0.9616, lr=0.000937
Epoch 45/240: train_loss=0.0572, train_acc=0.9871, val_loss=0.1491, val_top1=0.9692, val_macro_f1=0.9325, lr=0.000934
Epoch 46/240: train_loss=0.0434, train_acc=0.9871, val_loss=0.1728, val_top1=0.9788, val_macro_f1=0.9438, lr=0.000931
Epoch 47/240: train_loss=0.0437, train_acc=0.9876, val_loss=0.0915, val_top1=0.9865, val_macro_f1=0.9686, lr=0.000927
Epoch 48/240: train_loss=0.0254, train_acc=0.9909, val_loss=0.1281, val_top1=0.9788, val_macro_f1=0.9359, lr=0.000924
Epoch 49/240: train_loss=0.0324, train_acc=0.9881, val_loss=0.1266, val_top1=0.9731, val_macro_f1=0.9440, lr=0.000920
Epoch 50/240: train_loss=0.0398, train_acc=0.9909, val_loss=0.1098, val_top1=0.9788, val_macro_f1=0.9443, lr=0.000917
Epoch 51/240: train_loss=0.0655, train_acc=0.9800, val_loss=0.0884, val_top1=0.9846, val_macro_f1=0.9635, lr=0.000913
Epoch 52/240: train_loss=0.0418, train_acc=0.9905, val_loss=0.1842, val_top1=0.9692, val_macro_f1=0.9262, lr=0.000909
Epoch 53/240: train_loss=0.0346, train_acc=0.9862, val_loss=0.1630, val_top1=0.9673, val_macro_f1=0.9312, lr=0.000905
Epoch 54/240: train_loss=0.0442, train_acc=0.9890, val_loss=0.1049, val_top1=0.9904, val_macro_f1=0.9745, lr=0.000902
Epoch 55/240: train_loss=0.0238, train_acc=0.9928, val_loss=0.0783, val_top1=0.9808, val_macro_f1=0.9574, lr=0.000898
Epoch 56/240: train_loss=0.0323, train_acc=0.9924, val_loss=0.0910, val_top1=0.9865, val_macro_f1=0.9680, lr=0.000893
Epoch 57/240: train_loss=0.0386, train_acc=0.9900, val_loss=0.1931, val_top1=0.9846, val_macro_f1=0.9607, lr=0.000889
Epoch 58/240: train_loss=0.0232, train_acc=0.9938, val_loss=0.1488, val_top1=0.9750, val_macro_f1=0.9470, lr=0.000885
Epoch 59/240: train_loss=0.0335, train_acc=0.9928, val_loss=0.1321, val_top1=0.9750, val_macro_f1=0.9433, lr=0.000881
Epoch 60/240: train_loss=0.1119, train_acc=0.9819, val_loss=0.1515, val_top1=0.9481, val_macro_f1=0.8584, lr=0.000877
Epoch 61/240: train_loss=0.1254, train_acc=0.9576, val_loss=0.1385, val_top1=0.9731, val_macro_f1=0.9341, lr=0.000872
Epoch 62/240: train_loss=0.0771, train_acc=0.9733, val_loss=0.1126, val_top1=0.9827, val_macro_f1=0.9597, lr=0.000868
Early stopping at epoch 62

=== Backbone: EfficientNet-B0 (efficientnet_b0) ===
Complexity: params=4,017,220, macs=377,319,648, cpu_latency=200.70ms, fpga_latency=9.77ms
Hardware: DSP=256, BRAM=12, LUT=10478, power=7.88W, feasible=True
Epoch 1/240: train_loss=1.6666, train_acc=0.4297, val_loss=1.6649, val_top1=0.4154, val_macro_f1=0.3152, lr=0.000200
Epoch 2/240: train_loss=0.8748, train_acc=0.7582, val_loss=1.5249, val_top1=0.4135, val_macro_f1=0.3761, lr=0.000360
Epoch 3/240: train_loss=0.5818, train_acc=0.8383, val_loss=0.7542, val_top1=0.7154, val_macro_f1=0.6791, lr=0.000520
Epoch 4/240: train_loss=0.4909, train_acc=0.8641, val_loss=0.2303, val_top1=0.9096, val_macro_f1=0.8461, lr=0.000680
Epoch 5/240: train_loss=0.4361, train_acc=0.8984, val_loss=0.2177, val_top1=0.9385, val_macro_f1=0.8877, lr=0.000840
Epoch 6/240: train_loss=0.3151, train_acc=0.9070, val_loss=0.1280, val_top1=0.9519, val_macro_f1=0.8998, lr=0.001000
Epoch 7/240: train_loss=0.3155, train_acc=0.9170, val_loss=0.2984, val_top1=0.8750, val_macro_f1=0.8531, lr=0.001000
Epoch 8/240: train_loss=0.2536, train_acc=0.9275, val_loss=0.1110, val_top1=0.9596, val_macro_f1=0.9224, lr=0.001000
Epoch 9/240: train_loss=0.2797, train_acc=0.9294, val_loss=0.1331, val_top1=0.9500, val_macro_f1=0.9130, lr=0.001000
Epoch 10/240: train_loss=0.2709, train_acc=0.9289, val_loss=0.1570, val_top1=0.9442, val_macro_f1=0.9017, lr=0.000999
Epoch 11/240: train_loss=0.1738, train_acc=0.9509, val_loss=0.1307, val_top1=0.9558, val_macro_f1=0.9256, lr=0.000999
Epoch 12/240: train_loss=0.1645, train_acc=0.9585, val_loss=0.0848, val_top1=0.9731, val_macro_f1=0.9466, lr=0.000998
Epoch 13/240: train_loss=0.1354, train_acc=0.9666, val_loss=0.0776, val_top1=0.9692, val_macro_f1=0.9323, lr=0.000998
Epoch 14/240: train_loss=0.1084, train_acc=0.9738, val_loss=0.1249, val_top1=0.9712, val_macro_f1=0.9307, lr=0.000997
Epoch 15/240: train_loss=0.1499, train_acc=0.9661, val_loss=0.1447, val_top1=0.9654, val_macro_f1=0.9199, lr=0.000996
Epoch 16/240: train_loss=0.1811, train_acc=0.9523, val_loss=0.1250, val_top1=0.9712, val_macro_f1=0.9382, lr=0.000996
Epoch 17/240: train_loss=0.1356, train_acc=0.9719, val_loss=0.1358, val_top1=0.9538, val_macro_f1=0.9178, lr=0.000995
Epoch 18/240: train_loss=0.1257, train_acc=0.9723, val_loss=0.1960, val_top1=0.9212, val_macro_f1=0.8431, lr=0.000994
Epoch 19/240: train_loss=0.2894, train_acc=0.9337, val_loss=0.3333, val_top1=0.8981, val_macro_f1=0.7815, lr=0.000993
Epoch 20/240: train_loss=0.2462, train_acc=0.9299, val_loss=0.1194, val_top1=0.9654, val_macro_f1=0.9298, lr=0.000991
Epoch 21/240: train_loss=0.1721, train_acc=0.9466, val_loss=0.0663, val_top1=0.9808, val_macro_f1=0.9543, lr=0.000990
Epoch 22/240: train_loss=0.0964, train_acc=0.9790, val_loss=0.0748, val_top1=0.9769, val_macro_f1=0.9480, lr=0.000989
Epoch 23/240: train_loss=0.0838, train_acc=0.9766, val_loss=0.0708, val_top1=0.9750, val_macro_f1=0.9475, lr=0.000987
Epoch 24/240: train_loss=0.0627, train_acc=0.9828, val_loss=0.0371, val_top1=0.9846, val_macro_f1=0.9640, lr=0.000986
Epoch 25/240: train_loss=0.0663, train_acc=0.9814, val_loss=0.0398, val_top1=0.9904, val_macro_f1=0.9748, lr=0.000984
Epoch 26/240: train_loss=0.0473, train_acc=0.9871, val_loss=0.0949, val_top1=0.9846, val_macro_f1=0.9679, lr=0.000982
Epoch 27/240: train_loss=0.0816, train_acc=0.9828, val_loss=0.1071, val_top1=0.9712, val_macro_f1=0.9352, lr=0.000981
Epoch 28/240: train_loss=0.0757, train_acc=0.9795, val_loss=0.0661, val_top1=0.9808, val_macro_f1=0.9570, lr=0.000979
Epoch 29/240: train_loss=0.0478, train_acc=0.9876, val_loss=0.0594, val_top1=0.9827, val_macro_f1=0.9615, lr=0.000977
Epoch 30/240: train_loss=0.0363, train_acc=0.9876, val_loss=0.0746, val_top1=0.9827, val_macro_f1=0.9687, lr=0.000975
Epoch 31/240: train_loss=0.0356, train_acc=0.9881, val_loss=0.0775, val_top1=0.9808, val_macro_f1=0.9587, lr=0.000973
Epoch 32/240: train_loss=0.0360, train_acc=0.9909, val_loss=0.0934, val_top1=0.9788, val_macro_f1=0.9542, lr=0.000970
Epoch 33/240: train_loss=0.0377, train_acc=0.9890, val_loss=0.0544, val_top1=0.9846, val_macro_f1=0.9675, lr=0.000968
Epoch 34/240: train_loss=0.0371, train_acc=0.9886, val_loss=0.0374, val_top1=0.9885, val_macro_f1=0.9752, lr=0.000966
Epoch 35/240: train_loss=0.0424, train_acc=0.9871, val_loss=0.0861, val_top1=0.9827, val_macro_f1=0.9629, lr=0.000963
Epoch 36/240: train_loss=0.0321, train_acc=0.9914, val_loss=0.0739, val_top1=0.9865, val_macro_f1=0.9695, lr=0.000961
Epoch 37/240: train_loss=0.0681, train_acc=0.9833, val_loss=0.0475, val_top1=0.9942, val_macro_f1=0.9856, lr=0.000958
Epoch 38/240: train_loss=0.0912, train_acc=0.9757, val_loss=0.0430, val_top1=0.9846, val_macro_f1=0.9747, lr=0.000955
Epoch 39/240: train_loss=0.0449, train_acc=0.9852, val_loss=0.0870, val_top1=0.9865, val_macro_f1=0.9714, lr=0.000953
Epoch 40/240: train_loss=0.0353, train_acc=0.9871, val_loss=0.0539, val_top1=0.9865, val_macro_f1=0.9737, lr=0.000950
Epoch 41/240: train_loss=0.0407, train_acc=0.9862, val_loss=0.0926, val_top1=0.9769, val_macro_f1=0.9607, lr=0.000947
Epoch 42/240: train_loss=0.0364, train_acc=0.9890, val_loss=0.0739, val_top1=0.9904, val_macro_f1=0.9795, lr=0.000944
Epoch 43/240: train_loss=0.0617, train_acc=0.9814, val_loss=0.0503, val_top1=0.9846, val_macro_f1=0.9681, lr=0.000941
Epoch 44/240: train_loss=0.0712, train_acc=0.9847, val_loss=0.0828, val_top1=0.9865, val_macro_f1=0.9688, lr=0.000937
Epoch 45/240: train_loss=0.0565, train_acc=0.9871, val_loss=0.0497, val_top1=0.9923, val_macro_f1=0.9821, lr=0.000934
Epoch 46/240: train_loss=0.0226, train_acc=0.9919, val_loss=0.0418, val_top1=0.9923, val_macro_f1=0.9819, lr=0.000931
Epoch 47/240: train_loss=0.0360, train_acc=0.9905, val_loss=0.0507, val_top1=0.9846, val_macro_f1=0.9664, lr=0.000927
Epoch 48/240: train_loss=0.0703, train_acc=0.9895, val_loss=0.0364, val_top1=0.9904, val_macro_f1=0.9777, lr=0.000924
Epoch 49/240: train_loss=0.0578, train_acc=0.9871, val_loss=0.1251, val_top1=0.9827, val_macro_f1=0.9584, lr=0.000920
Epoch 50/240: train_loss=0.0737, train_acc=0.9824, val_loss=0.0759, val_top1=0.9769, val_macro_f1=0.9506, lr=0.000917
Epoch 51/240: train_loss=0.0492, train_acc=0.9905, val_loss=0.0507, val_top1=0.9865, val_macro_f1=0.9683, lr=0.000913
Epoch 52/240: train_loss=0.0630, train_acc=0.9866, val_loss=0.0709, val_top1=0.9808, val_macro_f1=0.9608, lr=0.000909
Epoch 53/240: train_loss=0.0328, train_acc=0.9924, val_loss=0.0378, val_top1=0.9923, val_macro_f1=0.9852, lr=0.000905
Epoch 54/240: train_loss=0.0194, train_acc=0.9962, val_loss=0.0453, val_top1=0.9904, val_macro_f1=0.9796, lr=0.000902
Epoch 55/240: train_loss=0.0154, train_acc=0.9943, val_loss=0.0780, val_top1=0.9904, val_macro_f1=0.9764, lr=0.000898
Epoch 56/240: train_loss=0.0566, train_acc=0.9909, val_loss=0.0848, val_top1=0.9846, val_macro_f1=0.9672, lr=0.000893
Epoch 57/240: train_loss=0.0197, train_acc=0.9924, val_loss=0.0775, val_top1=0.9846, val_macro_f1=0.9686, lr=0.000889
Early stopping at epoch 57

Selected backbone: EfficientNet-B0 (macro_f1=0.9856, feasible=True)
